#-----------------------------------------------------------
# Vivado v2016.1 (64-bit)
# SW Build 1538259 on Fri Apr  8 15:45:27 MDT 2016
# IP Build 1537824 on Fri Apr  8 04:28:57 MDT 2016
# Start of session at: Wed Apr 12 16:33:03 2023
# Process ID: 9744
# Current directory: C:/Users/aless/Documents/GitHub/project_reti_logiche
# Command line: vivado.exe -gui_launcher_event rodinguilauncherevent10964 C:\Users\aless\Documents\GitHub\project_reti_logiche\project_reti_logiche.xpr
# Log file: C:/Users/aless/Documents/GitHub/project_reti_logiche/vivado.log
# Journal file: C:/Users/aless/Documents/GitHub/project_reti_logiche\vivado.jou
#-----------------------------------------------------------
start_gui
open_project C:/Users/aless/Documents/GitHub/project_reti_logiche/project_reti_logiche.xpr
update_compile_order -fileset sources_1
launch_runs impl_1
wait_on_run impl_1
reset_run synth_1
launch_runs impl_1
wait_on_run impl_1
reset_run synth_1
launch_runs impl_1
wait_on_run impl_1
reset_run synth_1
launch_runs impl_1
wait_on_run impl_1
reset_run synth_1
launch_runs impl_1
wait_on_run impl_1
