Copyright 1986-2016 Xilinx, Inc. All Rights Reserved.
-------------------------------------------------------------------------------------------------
| Tool Version : Vivado v.2016.1 (win64) Build 1538259 Fri Apr  8 15:45:27 MDT 2016
| Date         : Tue Apr 25 09:56:56 2023
| Host         : Tommi-PC running 64-bit major release  (build 9200)
| Command      : report_control_sets -verbose -file project_reti_logiche_control_sets_placed.rpt
| Design       : project_reti_logiche
| Device       : xc7a200t
-------------------------------------------------------------------------------------------------

Control Set Information

Table of Contents
-----------------
1. Summary
2. Flip-Flop Distribution
3. Detailed Control Set Information

1. Summary
----------

+----------------------------------------------------------+-------+
|                          Status                          | Count |
+----------------------------------------------------------+-------+
| Number of unique control sets                            |     1 |
| Unused register locations in slices containing registers |     5 |
+----------------------------------------------------------+-------+


2. Flip-Flop Distribution
-------------------------

+--------------+-----------------------+------------------------+-----------------+--------------+
| Clock Enable | Synchronous Set/Reset | Asynchronous Set/Reset | Total Registers | Total Slices |
+--------------+-----------------------+------------------------+-----------------+--------------+
| No           | No                    | No                     |               0 |            0 |
| No           | No                    | Yes                    |               0 |            0 |
| No           | Yes                   | No                     |               0 |            0 |
| Yes          | No                    | No                     |               0 |            0 |
| Yes          | No                    | Yes                    |               3 |            1 |
| Yes          | Yes                   | No                     |               0 |            0 |
+--------------+-----------------------+------------------------+-----------------+--------------+


3. Detailed Control Set Information
-----------------------------------

+------------------+-------------------------------------+------------------+------------------+----------------+
|   Clock Signal   |            Enable Signal            | Set/Reset Signal | Slice Load Count | Bel Load Count |
+------------------+-------------------------------------+------------------+------------------+----------------+
|  i_clk_IBUF_BUFG | FSM_sequential_cur_state[2]_i_1_n_0 | i_rst_IBUF       |                1 |              3 |
+------------------+-------------------------------------+------------------+------------------+----------------+


